[2026.02.06-12.59.45] Log: Checking for mod folder
[2026.02.06-12.59.45] Log: Searching for Mods to mount
[2026.02.06-12.59.45] Log: Found 1 Mod pak files
[2026.02.06-12.59.46] Log: Mounting Paks
[2026.02.06-13.00.32] Log: Mounted pak 
Rooth Path /MGROperatorToaster_reboot-Windows/
Content Path ../../../Toaster_reboot/Mods/MGROperatorToaster_reboot/Content/

[2026.02.06-13.00.32] Log: ===mounted paks===
[2026.02.06-13.00.32] Log: E:/Ue4_projects/Toaster-Arena-Remake/Content/Mods/MGROperatorToaster_reboot-Windows.pak
[2026.02.06-13.00.32] Log: 

[2026.02.06-13.00.42] Log: Checking for mod folder
[2026.02.06-13.00.42] Log: Searching for Mods to mount
[2026.02.06-13.00.42] Log: Found 1 Mod pak files
[2026.02.06-13.00.43] Log: Mounting Paks
[2026.02.06-13.02.53] Log: Mounted pak 
Rooth Path /MGROperatorToaster_reboot-Windows/
Content Path ../../../Toaster_reboot/Mods/MGROperatorToaster_reboot/Content/

[2026.02.06-13.02.53] Log: ===mounted paks===
[2026.02.06-13.02.53] Log: E:/Ue4_projects/Toaster-Arena-Remake/Content/Mods/MGROperatorToaster_reboot-Windows.pak
[2026.02.06-13.02.53] Log: E:/Ue4_projects/Toaster-Arena-Remake/Content/Mods/MGROperatorToaster_reboot-Windows.pak
[2026.02.06-13.02.53] Log: 

[2026.02.06-13.26.45] Log: Checking for mod folder
[2026.02.06-13.26.45] Log: Searching for Mods to mount
[2026.02.06-13.26.45] Log: Found 1 Mod pak files
[2026.02.06-13.26.46] Log: Mounting Paks
[2026.02.06-13.28.05] Log: Mounted pak 
Rooth Path /MGROperatorToaster_reboot-Windows/
Content Path ../../../Toaster_reboot/Mods/MGROperatorToaster_reboot/Content/
Asset Reg ../../../Toaster_reboot/Mods/MGROperatorToaster_reboot/AssetRegistry.bin
[2026.02.06-13.28.05] Log: ===mounted paks===
[2026.02.06-13.28.05] Log: E:/Ue4_projects/Toaster-Arena-Remake/Content/Mods/MGROperatorToaster_reboot-Windows.pak
[2026.02.06-13.28.05] Log: E:/Ue4_projects/Toaster-Arena-Remake/Content/Mods/MGROperatorToaster_reboot-Windows.pak
[2026.02.06-13.28.05] Log: E:/Ue4_projects/Toaster-Arena-Remake/Content/Mods/MGROperatorToaster_reboot-Windows.pak
[2026.02.06-13.28.05] Log: 

[2026.02.06-13.34.28] Log: Checking for mod folder
[2026.02.06-13.34.28] Log: Searching for Mods to mount
[2026.02.06-13.34.28] Log: Found 1 Mod pak files
[2026.02.06-13.34.29] Log: Mounting Paks
[2026.02.06-13.37.20] Log: Mounted pak 
Rooth Path /MGROperatorToaster_reboot-Windows/
Content Path ../../../Toaster_reboot/Mods/MGROperatorToaster_reboot/Content/
Asset Reg ../../../Toaster_reboot/Mods/MGROperatorToaster_reboot/AssetRegistry.bin
[2026.02.06-13.37.20] Log: ===mounted paks===
[2026.02.06-13.37.20] Log: E:/Ue4_projects/Toaster-Arena-Remake/Content/Mods/MGROperatorToaster_reboot-Windows.pak
[2026.02.06-13.37.20] Log: E:/Ue4_projects/Toaster-Arena-Remake/Content/Mods/MGROperatorToaster_reboot-Windows.pak
[2026.02.06-13.37.20] Log: E:/Ue4_projects/Toaster-Arena-Remake/Content/Mods/MGROperatorToaster_reboot-Windows.pak
[2026.02.06-13.37.20] Log: E:/Ue4_projects/Toaster-Arena-Remake/Content/Mods/MGROperatorToaster_reboot-Windows.pak
[2026.02.06-13.37.20] Log: 

[2026.02.06-13.37.51] Log: Checking for mod folder
[2026.02.06-13.37.51] Log: Searching for Mods to mount
[2026.02.06-13.37.51] Log: Found 1 Mod pak files
[2026.02.06-13.37.52] Log: Mounting Paks
[2026.02.06-13.39.16] Log: Mounted pak 
Rooth Path /MGROperatorToaster_reboot-Windows/
Content Path ../../../Toaster_reboot/Mods/MGROperator/Content/
Asset Reg ../../../Toaster_reboot/Mods/MGROperator/AssetRegistry.bin
[2026.02.06-13.39.16] Log: ===mounted paks===
[2026.02.06-13.39.16] Log: E:/Ue4_projects/Toaster-Arena-Remake/Content/Mods/MGROperatorToaster_reboot-Windows.pak
[2026.02.06-13.39.16] Log: E:/Ue4_projects/Toaster-Arena-Remake/Content/Mods/MGROperatorToaster_reboot-Windows.pak
[2026.02.06-13.39.16] Log: E:/Ue4_projects/Toaster-Arena-Remake/Content/Mods/MGROperatorToaster_reboot-Windows.pak
[2026.02.06-13.39.16] Log: E:/Ue4_projects/Toaster-Arena-Remake/Content/Mods/MGROperatorToaster_reboot-Windows.pak
[2026.02.06-13.39.16] Log: E:/Ue4_projects/Toaster-Arena-Remake/Content/Mods/MGROperatorToaster_reboot-Windows.pak
[2026.02.06-13.39.16] Log: 

[2026.02.06-13.39.44] Log: Checking for mod folder
[2026.02.06-13.39.44] Log: Searching for Mods to mount
[2026.02.06-13.39.44] Log: Found 1 Mod pak files
[2026.02.06-13.39.45] Log: Mounting Paks
[2026.02.06-13.46.50] Log: Checking for mod folder
[2026.02.06-13.46.50] Log: Searching for Mods to mount
[2026.02.06-13.46.50] Log: Found 1 Mod pak files
[2026.02.06-13.46.51] Log: Mounting Paks
[2026.02.06-13.47.08] Log: Mounted pak 
Rooth Path /MGROperatorToaster_reboot-Windows/
Content Path ../../../Toaster_reboot/Mods/MGROperatorToaster_reboot/Content/
Asset Reg ../../../Toaster_reboot/Mods/MGROperatorToaster_reboot/AssetRegistry.bin
[2026.02.06-13.47.08] Log: ===mounted paks===
[2026.02.06-13.47.08] Log: E:/Ue4_projects/Toaster-Arena-Remake/Content/Mods/MGROperatorToaster_reboot-Windows.pak
[2026.02.06-13.47.08] Log: 

[2026.02.06-13.47.32] Log: Checking for mod folder
[2026.02.06-13.47.32] Log: Searching for Mods to mount
[2026.02.06-13.47.32] Log: Found 1 Mod pak files
[2026.02.06-13.47.33] Log: Mounting Paks
[2026.02.06-13.47.56] Log: Mounted pak 
Rooth Path /MGROperatorToaster_reboot-Windows/
Content Path ../../../Toaster_reboot/Mods/MGROperator/Content/
Asset Reg ../../../Toaster_reboot/Mods/MGROperator/AssetRegistry.bin
[2026.02.06-13.47.56] Log: ===mounted paks===
[2026.02.06-13.47.56] Log: E:/Ue4_projects/Toaster-Arena-Remake/Content/Mods/MGROperatorToaster_reboot-Windows.pak
[2026.02.06-13.47.56] Log: E:/Ue4_projects/Toaster-Arena-Remake/Content/Mods/MGROperatorToaster_reboot-Windows.pak
[2026.02.06-13.47.56] Log: 

[2026.02.06-13.48.24] Log: Checking for mod folder
[2026.02.06-13.48.24] Log: Searching for Mods to mount
[2026.02.06-13.48.24] Log: Found 1 Mod pak files
[2026.02.06-13.48.25] Log: Mounting Paks
[2026.02.06-13.52.22] Log: Checking for mod folder
[2026.02.06-13.52.22] Log: Searching for Mods to mount
[2026.02.06-13.52.22] Log: Found 1 Mod pak files
[2026.02.06-13.52.23] Log: Mounting Paks
[2026.02.06-13.52.23] Log: ===mounted paks===
[2026.02.06-13.52.23] Log: E:/Ue4_projects/Toaster-Arena-Remake/Content/Mods/MGROperatorToaster_reboot-Windows.pak
[2026.02.06-13.52.23] Log: 

[2026.02.06-13.52.42] Log: Checking for mod folder
[2026.02.06-13.52.42] Log: Searching for Mods to mount
[2026.02.06-13.52.42] Log: Found 1 Mod pak files
[2026.02.06-13.52.43] Log: Mounting Paks
[2026.02.06-13.53.15] Log: ===mounted paks===
[2026.02.06-13.53.15] Log: E:/Ue4_projects/Toaster-Arena-Remake/Content/Mods/MGROperatorToaster_reboot-Windows.pak
[2026.02.06-13.53.15] Log: E:/Ue4_projects/Toaster-Arena-Remake/Content/Mods/MGROperatorToaster_reboot-Windows.pak
[2026.02.06-13.53.15] Log: 

[2026.02.06-13.53.35] Log: Checking for mod folder
[2026.02.06-13.53.35] Log: Searching for Mods to mount
[2026.02.06-13.53.35] Log: Found 1 Mod pak files
[2026.02.06-13.53.36] Log: Mounting Paks
[2026.02.06-13.53.49] Log: ===mounted paks===
[2026.02.06-13.53.49] Log: E:/Ue4_projects/Toaster-Arena-Remake/Content/Mods/MGROperatorToaster_reboot-Windows.pak
[2026.02.06-13.53.49] Log: E:/Ue4_projects/Toaster-Arena-Remake/Content/Mods/MGROperatorToaster_reboot-Windows.pak
[2026.02.06-13.53.49] Log: E:/Ue4_projects/Toaster-Arena-Remake/Content/Mods/MGROperatorToaster_reboot-Windows.pak
[2026.02.06-13.53.49] Log: 

[2026.02.06-13.54.03] Log: Checking for mod folder
[2026.02.06-13.54.03] Log: Searching for Mods to mount
[2026.02.06-13.54.03] Log: Found 1 Mod pak files
[2026.02.06-13.54.04] Log: Mounting Paks
[2026.02.06-13.54.09] Log: Mounted pak 
Rooth Path /MGROperator/
Content Path ../../../Toaster_reboot/Mods/MGROperator/Content/
Asset Reg ../../../Toaster_reboot/Mods/MGROperator/AssetRegistry.bin
[2026.02.06-13.54.09] Log: ===mounted paks===
[2026.02.06-13.54.09] Log: E:/Ue4_projects/Toaster-Arena-Remake/Content/Mods/MGROperatorToaster_reboot-Windows.pak
[2026.02.06-13.54.09] Log: E:/Ue4_projects/Toaster-Arena-Remake/Content/Mods/MGROperatorToaster_reboot-Windows.pak
[2026.02.06-13.54.09] Log: E:/Ue4_projects/Toaster-Arena-Remake/Content/Mods/MGROperatorToaster_reboot-Windows.pak
[2026.02.06-13.54.09] Log: E:/Ue4_projects/Toaster-Arena-Remake/Content/Mods/MGROperatorToaster_reboot-Windows.pak
[2026.02.06-13.54.09] Log: 

[2026.02.06-15.09.27] Log: Checking for mod folder
[2026.02.06-15.09.27] Log: Searching for Mods to mount
[2026.02.06-15.09.27] Log: Found 1 Mod pak files
[2026.02.06-15.09.28] Log: Mounting Paks
[2026.02.06-15.15.34] Log: Mounted pak 
Rooth Path /MGROperator/
Content Path ../../../Toaster_reboot/Mods/MGROperator/Content/
Asset Reg ../../../Toaster_reboot/Mods/MGROperator/AssetRegistry.bin
[2026.02.06-15.15.34] Log: ===mounted paks===
[2026.02.06-15.15.34] Log: E:/Ue4_projects/Toaster-Arena-Remake/Content/Mods/MGROperatorToaster_reboot-Windows.pak
[2026.02.06-15.15.34] Log: 

[2026.02.06-15.16.19] Log: Checking for mod folder
[2026.02.06-15.16.19] Log: Searching for Mods to mount
[2026.02.06-15.16.19] Log: Found 1 Mod pak files
[2026.02.06-15.16.20] Log: Mounting Paks
[2026.02.06-15.22.35] Log: Checking for mod folder
[2026.02.06-15.22.35] Log: Searching for Mods to mount
[2026.02.06-15.22.35] Log: Found 1 Mod pak files
[2026.02.06-15.22.36] Log: Mounting Paks
[2026.02.06-15.30.19] Log: Mounted pak 
Rooth Path /MGROperator/
Content Path ../../../Toaster_reboot/Mods/MGROperator/Content/
Asset Reg ../../../Toaster_reboot/Mods/MGROperator/AssetRegistry.bin
[2026.02.06-15.30.19] Log: ===mounted paks===
[2026.02.06-15.30.19] Log: E:/Ue4_projects/Toaster-Arena-Remake/Content/Mods/MGROperatorToaster_reboot-Windows.pak
[2026.02.06-15.30.19] Log: 

[2026.02.06-17.06.19] Log: Checking for mod folder
[2026.02.06-17.06.19] Log: Searching for Mods to mount
[2026.02.06-17.06.19] Log: Found 1 Mod pak files
[2026.02.06-17.06.20] Log: Mounting Paks
[2026.02.06-17.17.54] Log: Checking for mod folder
[2026.02.06-17.17.54] Log: Mod folder missing attempting to create one
[2026.02.06-17.17.54] Log: Mod folder created
[2026.02.06-17.17.54] Log: Searching for Mods to mount
[2026.02.06-17.17.54] Log: Found 0 Mod pak files
[2026.02.06-17.17.56] Log: Mounting Paks
[2026.02.06-17.17.56] Log: ===mounted paks===
[2026.02.06-17.17.56] Log: 

[2026.02.06-17.20.33] Log: Checking for mod folder
[2026.02.06-17.20.33] Log: Searching for Mods to mount
[2026.02.06-17.20.33] Log: Found 0 Mod pak files
[2026.02.06-17.20.34] Log: Mounting Paks
[2026.02.06-17.20.34] Log: ===mounted paks===
[2026.02.06-17.20.34] Log: 

[2026.02.06-17.23.19] Log: Checking for mod folder
[2026.02.06-17.23.19] Log: Searching for Mods to mount
[2026.02.06-17.23.19] Log: Found 0 Mod pak files
[2026.02.06-17.23.19] Log: Found 0 Mod pak files
[2026.02.06-17.23.50] Log: Checking for mod folder
[2026.02.06-17.23.50] Log: Searching for Mods to mount
[2026.02.06-17.23.50] Log: Found 0 Mod pak files
[2026.02.06-17.23.51] Log: Found 5 Mod pak files
[2026.02.06-17.24.32] Log: Mounting Paks
[2026.02.06-17.34.42] Log: Mounted pak 
Rooth Path /MGROperator/
Content Path ../../../Toaster_reboot/Mods/MGROperator/Content/
Asset Reg ../../../Toaster_reboot/Mods/MGROperator/AssetRegistry.bin
[2026.02.06-17.34.42] Log: Mounted pak 
Rooth Path /MGROperator/
Content Path ../../../Toaster_reboot/Mods/pakchunk0-WindowsServer/Content/
Asset Reg ../../../Toaster_reboot/Mods/pakchunk0-WindowsServer/AssetRegistry.bin
[2026.02.06-17.34.42] Log: Mounted pak 
Rooth Path /MGROperator/
Content Path ../../../Toaster_reboot/Mods/pakchunk6-WindowsServer/Content/
Asset Reg ../../../Toaster_reboot/Mods/pakchunk6-WindowsServer/AssetRegistry.bin
[2026.02.06-17.34.42] Log: Mounted pak 
Rooth Path /MGROperator/
Content Path ../../../Toaster_reboot/Mods/pakchunk0-LinuxServer/Content/
Asset Reg ../../../Toaster_reboot/Mods/pakchunk0-LinuxServer/AssetRegistry.bin
[2026.02.06-17.34.42] Log: Mounted pak 
Rooth Path /MGROperator/
Content Path ../../../Toaster_reboot/Mods/pakchunk6-LinuxServer/Content/
Asset Reg ../../../Toaster_reboot/Mods/pakchunk6-LinuxServer/AssetRegistry.bin
[2026.02.06-17.34.42] Log: ===mounted paks===
[2026.02.06-17.34.42] Log: E:/Ue4_projects/Toaster-Arena-Remake/Mods/MGROperatorToaster_reboot-Windows.pak
[2026.02.06-17.34.42] Log: E:/Ue4_projects/Toaster-Arena-Remake/Releases/1.0.0/WindowsServer/pakchunk0-WindowsServer.pak
[2026.02.06-17.34.42] Log: E:/Ue4_projects/Toaster-Arena-Remake/Releases/1.0.0/WindowsServer/pakchunk6-WindowsServer.pak
[2026.02.06-17.34.42] Log: E:/Ue4_projects/Toaster-Arena-Remake/Releases/1.0.0/LinuxServer/pakchunk0-LinuxServer.pak
[2026.02.06-17.34.42] Log: E:/Ue4_projects/Toaster-Arena-Remake/Releases/1.0.0/LinuxServer/pakchunk6-LinuxServer.pak
[2026.02.06-17.34.42] Log: 

[2026.02.06-17.34.55] Log: Checking for mod folder
[2026.02.06-17.34.55] Log: Searching for Mods to mount
[2026.02.06-17.34.55] Log: Found 0 Mod pak files
[2026.02.06-17.34.55] Log: Found 5 Mod pak files
[2026.02.06-17.34.56] Log: Mounting Paks
[2026.02.06-17.35.16] Log: Mounted pak 
Rooth Path /MGROperator/
Content Path ../../../MGROperator/Content/
Asset Reg ../../../Toaster_reboot/Mods/MGROperator/AssetRegistry.bin
[2026.02.06-17.35.16] Log: Mounted pak 
Rooth Path /MGROperator/
Content Path ../../../pakchunk0-LinuxServer/Content/
Asset Reg ../../../Toaster_reboot/Mods/pakchunk0-LinuxServer/AssetRegistry.bin
[2026.02.06-17.35.16] Log: Mounted pak 
Rooth Path /MGROperator/
Content Path ../../../pakchunk6-LinuxServer/Content/
Asset Reg ../../../Toaster_reboot/Mods/pakchunk6-LinuxServer/AssetRegistry.bin
[2026.02.06-17.35.16] Log: Mounted pak 
Rooth Path /MGROperator/
Content Path ../../../pakchunk0-WindowsServer/Content/
Asset Reg ../../../Toaster_reboot/Mods/pakchunk0-WindowsServer/AssetRegistry.bin
[2026.02.06-17.35.16] Log: Mounted pak 
Rooth Path /MGROperator/
Content Path ../../../pakchunk6-WindowsServer/Content/
Asset Reg ../../../Toaster_reboot/Mods/pakchunk6-WindowsServer/AssetRegistry.bin
[2026.02.06-17.35.16] Log: ===mounted paks===
[2026.02.06-17.35.16] Log: E:/Ue4_projects/Toaster-Arena-Remake/Mods/MGROperatorToaster_reboot-Windows.pak
[2026.02.06-17.35.16] Log: E:/Ue4_projects/Toaster-Arena-Remake/Releases/1.0.0/WindowsServer/pakchunk0-WindowsServer.pak
[2026.02.06-17.35.16] Log: E:/Ue4_projects/Toaster-Arena-Remake/Releases/1.0.0/WindowsServer/pakchunk6-WindowsServer.pak
[2026.02.06-17.35.16] Log: E:/Ue4_projects/Toaster-Arena-Remake/Releases/1.0.0/LinuxServer/pakchunk0-LinuxServer.pak
[2026.02.06-17.35.16] Log: E:/Ue4_projects/Toaster-Arena-Remake/Releases/1.0.0/LinuxServer/pakchunk6-LinuxServer.pak
[2026.02.06-17.35.16] Log: E:/Ue4_projects/Toaster-Arena-Remake/Mods/MGROperatorToaster_reboot-Windows.pak
[2026.02.06-17.35.16] Log: E:/Ue4_projects/Toaster-Arena-Remake/Releases/1.0.0/LinuxServer/pakchunk0-LinuxServer.pak
[2026.02.06-17.35.16] Log: E:/Ue4_projects/Toaster-Arena-Remake/Releases/1.0.0/LinuxServer/pakchunk6-LinuxServer.pak
[2026.02.06-17.35.16] Log: E:/Ue4_projects/Toaster-Arena-Remake/Releases/1.0.0/WindowsServer/pakchunk0-WindowsServer.pak
[2026.02.06-17.35.16] Log: E:/Ue4_projects/Toaster-Arena-Remake/Releases/1.0.0/WindowsServer/pakchunk6-WindowsServer.pak
[2026.02.06-17.35.16] Log: 

[2026.02.06-17.35.30] Log: Checking for mod folder
[2026.02.06-17.35.30] Log: Searching for Mods to mount
[2026.02.06-17.35.30] Log: Found 0 Mod pak files
[2026.02.06-17.35.30] Log: Found 5 Mod pak files
[2026.02.06-17.35.31] Log: Mounting Paks
[2026.02.06-17.35.48] Log: Mounted pak 
Rooth Path /MGROperator/
Content Path ../../../MGROperator/Content/
Asset Reg ../../../Toaster_reboot/Mods/MGROperator/AssetRegistry.bin
[2026.02.06-17.35.48] Log: Mounted pak 
Rooth Path /MGROperator/
Content Path ../../../pakchunk0-WindowsServer/Content/
Asset Reg ../../../Toaster_reboot/Mods/pakchunk0-WindowsServer/AssetRegistry.bin
[2026.02.06-17.35.48] Log: Mounted pak 
Rooth Path /MGROperator/
Content Path ../../../pakchunk6-WindowsServer/Content/
Asset Reg ../../../Toaster_reboot/Mods/pakchunk6-WindowsServer/AssetRegistry.bin
[2026.02.06-17.35.48] Log: Mounted pak 
Rooth Path /MGROperator/
Content Path ../../../pakchunk0-LinuxServer/Content/
Asset Reg ../../../Toaster_reboot/Mods/pakchunk0-LinuxServer/AssetRegistry.bin
[2026.02.06-17.35.48] Log: Mounted pak 
Rooth Path /MGROperator/
Content Path ../../../pakchunk6-LinuxServer/Content/
Asset Reg ../../../Toaster_reboot/Mods/pakchunk6-LinuxServer/AssetRegistry.bin
[2026.02.06-17.35.48] Log: ===mounted paks===
[2026.02.06-17.35.48] Log: E:/Ue4_projects/Toaster-Arena-Remake/Mods/MGROperatorToaster_reboot-Windows.pak
[2026.02.06-17.35.48] Log: E:/Ue4_projects/Toaster-Arena-Remake/Releases/1.0.0/WindowsServer/pakchunk0-WindowsServer.pak
[2026.02.06-17.35.48] Log: E:/Ue4_projects/Toaster-Arena-Remake/Releases/1.0.0/WindowsServer/pakchunk6-WindowsServer.pak
[2026.02.06-17.35.48] Log: E:/Ue4_projects/Toaster-Arena-Remake/Releases/1.0.0/LinuxServer/pakchunk0-LinuxServer.pak
[2026.02.06-17.35.48] Log: E:/Ue4_projects/Toaster-Arena-Remake/Releases/1.0.0/LinuxServer/pakchunk6-LinuxServer.pak
[2026.02.06-17.35.48] Log: E:/Ue4_projects/Toaster-Arena-Remake/Mods/MGROperatorToaster_reboot-Windows.pak
[2026.02.06-17.35.48] Log: E:/Ue4_projects/Toaster-Arena-Remake/Releases/1.0.0/LinuxServer/pakchunk0-LinuxServer.pak
[2026.02.06-17.35.48] Log: E:/Ue4_projects/Toaster-Arena-Remake/Releases/1.0.0/LinuxServer/pakchunk6-LinuxServer.pak
[2026.02.06-17.35.48] Log: E:/Ue4_projects/Toaster-Arena-Remake/Releases/1.0.0/WindowsServer/pakchunk0-WindowsServer.pak
[2026.02.06-17.35.48] Log: E:/Ue4_projects/Toaster-Arena-Remake/Releases/1.0.0/WindowsServer/pakchunk6-WindowsServer.pak
[2026.02.06-17.35.48] Log: E:/Ue4_projects/Toaster-Arena-Remake/Mods/MGROperatorToaster_reboot-Windows.pak
[2026.02.06-17.35.48] Log: E:/Ue4_projects/Toaster-Arena-Remake/Releases/1.0.0/WindowsServer/pakchunk0-WindowsServer.pak
[2026.02.06-17.35.48] Log: E:/Ue4_projects/Toaster-Arena-Remake/Releases/1.0.0/WindowsServer/pakchunk6-WindowsServer.pak
[2026.02.06-17.35.48] Log: E:/Ue4_projects/Toaster-Arena-Remake/Releases/1.0.0/LinuxServer/pakchunk0-LinuxServer.pak
[2026.02.06-17.35.48] Log: E:/Ue4_projects/Toaster-Arena-Remake/Releases/1.0.0/LinuxServer/pakchunk6-LinuxServer.pak
[2026.02.06-17.35.48] Log: 

[2026.02.06-18.09.55] Log: Checking for mod folder
[2026.02.06-18.09.55] Log: Searching for Mods to mount
[2026.02.06-18.09.55] Log: Found 0 Mod pak files
[2026.02.06-18.09.55] Log: Found 5 Mod pak files
[2026.02.06-18.09.56] Log: Mounting Paks
[2026.02.06-18.10.12] Log: Mounted pak 
Rooth Path /MGROperator/
Content Path ../../../MGROperator/Content/
Asset Reg ../../../Toaster_reboot/Mods/MGROperator/AssetRegistry.bin
[2026.02.06-18.10.12] Log: Mounted pak 
Rooth Path /MGROperator/
Content Path ../../../pakchunk0-WindowsServer/Content/
Asset Reg ../../../Toaster_reboot/Mods/pakchunk0-WindowsServer/AssetRegistry.bin
[2026.02.06-18.10.12] Log: Mounted pak 
Rooth Path /MGROperator/
Content Path ../../../pakchunk6-WindowsServer/Content/
Asset Reg ../../../Toaster_reboot/Mods/pakchunk6-WindowsServer/AssetRegistry.bin
[2026.02.06-18.10.12] Log: Mounted pak 
Rooth Path /MGROperator/
Content Path ../../../pakchunk0-LinuxServer/Content/
Asset Reg ../../../Toaster_reboot/Mods/pakchunk0-LinuxServer/AssetRegistry.bin
[2026.02.06-18.10.12] Log: Mounted pak 
Rooth Path /MGROperator/
Content Path ../../../pakchunk6-LinuxServer/Content/
Asset Reg ../../../Toaster_reboot/Mods/pakchunk6-LinuxServer/AssetRegistry.bin
[2026.02.06-18.10.12] Log: ===mounted paks===
[2026.02.06-18.10.12] Log: E:/Ue4_projects/Toaster-Arena-Remake/Mods/MGROperatorToaster_reboot-Windows.pak
[2026.02.06-18.10.12] Log: E:/Ue4_projects/Toaster-Arena-Remake/Releases/1.0.0/WindowsServer/pakchunk0-WindowsServer.pak
[2026.02.06-18.10.12] Log: E:/Ue4_projects/Toaster-Arena-Remake/Releases/1.0.0/WindowsServer/pakchunk6-WindowsServer.pak
[2026.02.06-18.10.12] Log: E:/Ue4_projects/Toaster-Arena-Remake/Releases/1.0.0/LinuxServer/pakchunk0-LinuxServer.pak
[2026.02.06-18.10.12] Log: E:/Ue4_projects/Toaster-Arena-Remake/Releases/1.0.0/LinuxServer/pakchunk6-LinuxServer.pak
[2026.02.06-18.10.12] Log: E:/Ue4_projects/Toaster-Arena-Remake/Mods/MGROperatorToaster_reboot-Windows.pak
[2026.02.06-18.10.12] Log: E:/Ue4_projects/Toaster-Arena-Remake/Releases/1.0.0/LinuxServer/pakchunk0-LinuxServer.pak
[2026.02.06-18.10.12] Log: E:/Ue4_projects/Toaster-Arena-Remake/Releases/1.0.0/LinuxServer/pakchunk6-LinuxServer.pak
[2026.02.06-18.10.12] Log: E:/Ue4_projects/Toaster-Arena-Remake/Releases/1.0.0/WindowsServer/pakchunk0-WindowsServer.pak
[2026.02.06-18.10.12] Log: E:/Ue4_projects/Toaster-Arena-Remake/Releases/1.0.0/WindowsServer/pakchunk6-WindowsServer.pak
[2026.02.06-18.10.12] Log: E:/Ue4_projects/Toaster-Arena-Remake/Mods/MGROperatorToaster_reboot-Windows.pak
[2026.02.06-18.10.12] Log: E:/Ue4_projects/Toaster-Arena-Remake/Releases/1.0.0/WindowsServer/pakchunk0-WindowsServer.pak
[2026.02.06-18.10.12] Log: E:/Ue4_projects/Toaster-Arena-Remake/Releases/1.0.0/WindowsServer/pakchunk6-WindowsServer.pak
[2026.02.06-18.10.12] Log: E:/Ue4_projects/Toaster-Arena-Remake/Releases/1.0.0/LinuxServer/pakchunk0-LinuxServer.pak
[2026.02.06-18.10.12] Log: E:/Ue4_projects/Toaster-Arena-Remake/Releases/1.0.0/LinuxServer/pakchunk6-LinuxServer.pak
[2026.02.06-18.10.12] Log: E:/Ue4_projects/Toaster-Arena-Remake/Mods/MGROperatorToaster_reboot-Windows.pak
[2026.02.06-18.10.12] Log: E:/Ue4_projects/Toaster-Arena-Remake/Releases/1.0.0/WindowsServer/pakchunk0-WindowsServer.pak
[2026.02.06-18.10.12] Log: E:/Ue4_projects/Toaster-Arena-Remake/Releases/1.0.0/WindowsServer/pakchunk6-WindowsServer.pak
[2026.02.06-18.10.12] Log: E:/Ue4_projects/Toaster-Arena-Remake/Releases/1.0.0/LinuxServer/pakchunk0-LinuxServer.pak
[2026.02.06-18.10.12] Log: E:/Ue4_projects/Toaster-Arena-Remake/Releases/1.0.0/LinuxServer/pakchunk6-LinuxServer.pak
[2026.02.06-18.10.12] Log: 

[2026.02.06-19.12.58] Log: Checking for mod folder
[2026.02.06-19.12.58] Log: Searching for Mods to mount
[2026.02.06-19.12.58] Log: Found 0 Mod pak files
[2026.02.06-19.12.59] Log: Found 5 Mod pak files
[2026.02.06-19.13.00] Log: Mounting E:/Ue4_projects/Toaster-Arena-Remake/Mods/MGROperatorToaster_reboot-Windows.pak
[2026.02.06-19.13.00] Log: E:/Ue4_projects/Toaster-Arena-Remake/Mods/MGROperatorToaster_reboot-Windows.pak is a valid pak, mounting...
[2026.02.06-19.13.00] Log: Mount true
[2026.02.06-19.13.00] Log: Register content as: E:/Ue4_projects/Toaster-Arena-Remake/Mods/MGROperatorToaster_reboot-Windows/Content/
[2026.02.06-19.13.00] Log: Register root path as: MGROperatorToaster_reboot-Windows
[2026.02.06-19.14.11] Log: registry mounted at E:/Ue4_projects/Toaster-Arena-Remake/Mods/MGROperatorToaster_reboot-Windows/AssetRegistry.bin
[2026.02.06-19.14.11] Log: Populated pak assets to Unreal's AssetRegistry
[2026.02.06-19.14.11] Log: Mounting E:/Ue4_projects/Toaster-Arena-Remake/Releases/1.0.0/WindowsServer/pakchunk0-WindowsServer.pak
[2026.02.06-19.14.11] Log: E:/Ue4_projects/Toaster-Arena-Remake/Releases/1.0.0/WindowsServer/pakchunk0-WindowsServer.pak is a valid pak, mounting...
[2026.02.06-19.14.11] Log: Mount true
[2026.02.06-19.14.11] Log: Register content as: E:/Ue4_projects/Toaster-Arena-Remake/Releases/1.0.0/WindowsServer/pakchunk0-WindowsServer/Content/
[2026.02.06-19.14.11] Log: Register root path as: pakchunk0-WindowsServer
[2026.02.06-19.14.11] Log: registry mounted at E:/Ue4_projects/Toaster-Arena-Remake/Releases/1.0.0/WindowsServer/pakchunk0-WindowsServer/AssetRegistry.bin
[2026.02.06-19.14.11] Log: Populated pak assets to Unreal's AssetRegistry
[2026.02.06-19.14.11] Log: Mounting E:/Ue4_projects/Toaster-Arena-Remake/Releases/1.0.0/WindowsServer/pakchunk6-WindowsServer.pak
[2026.02.06-19.14.11] Log: E:/Ue4_projects/Toaster-Arena-Remake/Releases/1.0.0/WindowsServer/pakchunk6-WindowsServer.pak is a valid pak, mounting...
[2026.02.06-19.14.11] Log: Mount true
[2026.02.06-19.14.11] Log: Register content as: E:/Ue4_projects/Toaster-Arena-Remake/Releases/1.0.0/WindowsServer/pakchunk6-WindowsServer/Content/
[2026.02.06-19.14.11] Log: Register root path as: pakchunk6-WindowsServer
[2026.02.06-19.14.11] Log: registry mounted at E:/Ue4_projects/Toaster-Arena-Remake/Releases/1.0.0/WindowsServer/pakchunk6-WindowsServer/AssetRegistry.bin
[2026.02.06-19.14.11] Log: Populated pak assets to Unreal's AssetRegistry
[2026.02.06-19.14.11] Log: Mounting E:/Ue4_projects/Toaster-Arena-Remake/Releases/1.0.0/LinuxServer/pakchunk0-LinuxServer.pak
[2026.02.06-19.14.11] Log: E:/Ue4_projects/Toaster-Arena-Remake/Releases/1.0.0/LinuxServer/pakchunk0-LinuxServer.pak is a valid pak, mounting...
[2026.02.06-19.14.11] Log: Mount true
[2026.02.06-19.14.11] Log: Register content as: E:/Ue4_projects/Toaster-Arena-Remake/Releases/1.0.0/LinuxServer/pakchunk0-LinuxServer/Content/
[2026.02.06-19.14.11] Log: Register root path as: pakchunk0-LinuxServer
[2026.02.06-19.14.11] Log: registry mounted at E:/Ue4_projects/Toaster-Arena-Remake/Releases/1.0.0/LinuxServer/pakchunk0-LinuxServer/AssetRegistry.bin
[2026.02.06-19.14.11] Log: Populated pak assets to Unreal's AssetRegistry
[2026.02.06-19.14.11] Log: Mounting E:/Ue4_projects/Toaster-Arena-Remake/Releases/1.0.0/LinuxServer/pakchunk6-LinuxServer.pak
[2026.02.06-19.14.11] Log: E:/Ue4_projects/Toaster-Arena-Remake/Releases/1.0.0/LinuxServer/pakchunk6-LinuxServer.pak is a valid pak, mounting...
[2026.02.06-19.14.11] Log: Mount true
[2026.02.06-19.14.11] Log: Register content as: E:/Ue4_projects/Toaster-Arena-Remake/Releases/1.0.0/LinuxServer/pakchunk6-LinuxServer/Content/
[2026.02.06-19.14.11] Log: Register root path as: pakchunk6-LinuxServer
[2026.02.06-19.14.11] Log: registry mounted at E:/Ue4_projects/Toaster-Arena-Remake/Releases/1.0.0/LinuxServer/pakchunk6-LinuxServer/AssetRegistry.bin
[2026.02.06-19.14.11] Log: Populated pak assets to Unreal's AssetRegistry
[2026.02.06-19.18.34] Log: Checking for mod folder
[2026.02.06-19.18.34] Log: Searching for Mods to mount
[2026.02.06-19.18.34] Log: Found 0 Mod pak files
[2026.02.06-19.18.34] Log: Found 5 Mod pak files
[2026.02.06-19.18.35] Log: Mounting Paks
[2026.02.06-19.18.37] Error: Unable to automatically detect root and content path for pak file E:/Ue4_projects/Toaster-Arena-Remake/Releases/1.0.0/LinuxServer/pakchunk6-LinuxServer.pak. This happens when there is no AssetRegistry.bin in the pak file. Make sure that your pak file has one or use MountPakFile and RegisterMountPoint to specifiy them yourself.
[2026.02.06-19.18.39] Error: Unable to automatically detect root and content path for pak file E:/Ue4_projects/Toaster-Arena-Remake/Releases/1.0.0/WindowsServer/pakchunk6-WindowsServer.pak. This happens when there is no AssetRegistry.bin in the pak file. Make sure that your pak file has one or use MountPakFile and RegisterMountPoint to specifiy them yourself.
[2026.02.06-19.18.39] Log: ===mounted paks===
[2026.02.06-19.18.39] Log: E:/Ue4_projects/Toaster-Arena-Remake/Mods/MGROperatorToaster_reboot-Windows.pak
[2026.02.06-19.18.39] Log: E:/Ue4_projects/Toaster-Arena-Remake/Releases/1.0.0/WindowsServer/pakchunk0-WindowsServer.pak
[2026.02.06-19.18.39] Log: E:/Ue4_projects/Toaster-Arena-Remake/Releases/1.0.0/WindowsServer/pakchunk6-WindowsServer.pak
[2026.02.06-19.18.39] Log: E:/Ue4_projects/Toaster-Arena-Remake/Releases/1.0.0/LinuxServer/pakchunk0-LinuxServer.pak
[2026.02.06-19.18.39] Log: E:/Ue4_projects/Toaster-Arena-Remake/Releases/1.0.0/LinuxServer/pakchunk6-LinuxServer.pak
[2026.02.06-19.18.39] Log: E:/Ue4_projects/Toaster-Arena-Remake/Mods/MGROperatorToaster_reboot-Windows.pak
[2026.02.06-19.18.39] Log: E:/Ue4_projects/Toaster-Arena-Remake/Releases/1.0.0/LinuxServer/pakchunk0-LinuxServer.pak
[2026.02.06-19.18.39] Log: E:/Ue4_projects/Toaster-Arena-Remake/Releases/1.0.0/LinuxServer/pakchunk6-LinuxServer.pak
[2026.02.06-19.18.39] Log: E:/Ue4_projects/Toaster-Arena-Remake/Releases/1.0.0/WindowsServer/pakchunk0-WindowsServer.pak
[2026.02.06-19.18.39] Log: E:/Ue4_projects/Toaster-Arena-Remake/Releases/1.0.0/WindowsServer/pakchunk6-WindowsServer.pak
[2026.02.06-19.18.39] Log: E:/Ue4_projects/Toaster-Arena-Remake/Mods/MGROperatorToaster_reboot-Windows.pak
[2026.02.06-19.18.39] Log: E:/Ue4_projects/Toaster-Arena-Remake/Releases/1.0.0/WindowsServer/pakchunk0-WindowsServer.pak
[2026.02.06-19.18.39] Log: E:/Ue4_projects/Toaster-Arena-Remake/Releases/1.0.0/WindowsServer/pakchunk6-WindowsServer.pak
[2026.02.06-19.18.39] Log: E:/Ue4_projects/Toaster-Arena-Remake/Releases/1.0.0/LinuxServer/pakchunk0-LinuxServer.pak
[2026.02.06-19.18.39] Log: E:/Ue4_projects/Toaster-Arena-Remake/Releases/1.0.0/LinuxServer/pakchunk6-LinuxServer.pak
[2026.02.06-19.18.39] Log: E:/Ue4_projects/Toaster-Arena-Remake/Mods/MGROperatorToaster_reboot-Windows.pak
[2026.02.06-19.18.39] Log: E:/Ue4_projects/Toaster-Arena-Remake/Releases/1.0.0/WindowsServer/pakchunk0-WindowsServer.pak
[2026.02.06-19.18.39] Log: E:/Ue4_projects/Toaster-Arena-Remake/Releases/1.0.0/WindowsServer/pakchunk6-WindowsServer.pak
[2026.02.06-19.18.39] Log: E:/Ue4_projects/Toaster-Arena-Remake/Releases/1.0.0/LinuxServer/pakchunk0-LinuxServer.pak
[2026.02.06-19.18.39] Log: E:/Ue4_projects/Toaster-Arena-Remake/Releases/1.0.0/LinuxServer/pakchunk6-LinuxServer.pak
[2026.02.06-19.18.39] Log: E:/Ue4_projects/Toaster-Arena-Remake/Mods/MGROperatorToaster_reboot-Windows.pak
[2026.02.06-19.18.39] Log: E:/Ue4_projects/Toaster-Arena-Remake/Releases/1.0.0/WindowsServer/pakchunk0-WindowsServer.pak
[2026.02.06-19.18.39] Log: E:/Ue4_projects/Toaster-Arena-Remake/Releases/1.0.0/WindowsServer/pakchunk6-WindowsServer.pak
[2026.02.06-19.18.39] Log: E:/Ue4_projects/Toaster-Arena-Remake/Releases/1.0.0/LinuxServer/pakchunk0-LinuxServer.pak
[2026.02.06-19.18.39] Log: E:/Ue4_projects/Toaster-Arena-Remake/Releases/1.0.0/LinuxServer/pakchunk6-LinuxServer.pak
[2026.02.06-19.18.39] Log: E:/Ue4_projects/Toaster-Arena-Remake/Mods/MGROperatorToaster_reboot-Windows.pak
[2026.02.06-19.18.39] Log: E:/Ue4_projects/Toaster-Arena-Remake/Releases/1.0.0/LinuxServer/pakchunk0-LinuxServer.pak
[2026.02.06-19.18.39] Log: E:/Ue4_projects/Toaster-Arena-Remake/Releases/1.0.0/WindowsServer/pakchunk0-WindowsServer.pak
[2026.02.06-19.18.50] Log: 

[2026.02.06-19.22.16] Log: Checking for mod folder
[2026.02.06-19.22.16] Log: Searching for Mods to mount
[2026.02.06-19.22.16] Log: Found 0 Mod pak files
[2026.02.06-19.22.16] Log: Found 5 Mod pak files
[2026.02.06-19.22.42] Log: Mounting Paks
[2026.02.06-19.41.45] Log: Checking for mod folder
[2026.02.06-19.41.45] Log: Searching for Mods to mount
[2026.02.06-19.41.45] Log: Found 0 Mod pak files
[2026.02.06-19.41.45] Log: Found 4 Mod pak files
[2026.02.06-19.41.46] Log: Mounting Paks
[2026.02.06-19.41.58] Log: Mounted pak 
Rooth Path /
Content Path ../../../pakchunk0-LinuxServer/Content/
Asset Reg ../../../Toaster_reboot/Mods/pakchunk0-LinuxServer/AssetRegistry.bin
[2026.02.06-19.41.58] Log: Mounted pak 
Rooth Path /
Content Path ../../../pakchunk6-LinuxServer/Content/
Asset Reg ../../../Toaster_reboot/Mods/pakchunk6-LinuxServer/AssetRegistry.bin
[2026.02.06-19.41.58] Log: Mounted pak 
Rooth Path /
Content Path ../../../pakchunk0-WindowsServer/Content/
Asset Reg ../../../Toaster_reboot/Mods/pakchunk0-WindowsServer/AssetRegistry.bin
[2026.02.06-19.41.58] Log: Mounted pak 
Rooth Path /
Content Path ../../../pakchunk6-WindowsServer/Content/
Asset Reg ../../../Toaster_reboot/Mods/pakchunk6-WindowsServer/AssetRegistry.bin
[2026.02.06-19.41.58] Log: ===mounted paks===
[2026.02.06-19.41.58] Log: E:/Ue4_projects/Toaster-Arena-Remake/Releases/1.0.0/LinuxServer/pakchunk0-LinuxServer.pak
[2026.02.06-19.41.58] Log: E:/Ue4_projects/Toaster-Arena-Remake/Releases/1.0.0/LinuxServer/pakchunk6-LinuxServer.pak
[2026.02.06-19.41.58] Log: E:/Ue4_projects/Toaster-Arena-Remake/Releases/1.0.0/WindowsServer/pakchunk0-WindowsServer.pak
[2026.02.06-19.41.58] Log: E:/Ue4_projects/Toaster-Arena-Remake/Releases/1.0.0/WindowsServer/pakchunk6-WindowsServer.pak
[2026.02.06-19.41.58] Log: 

[2026.02.06-19.42.23] Log: Checking for mod folder
[2026.02.06-19.42.23] Log: Searching for Mods to mount
[2026.02.06-19.42.23] Log: Found 0 Mod pak files
[2026.02.06-19.42.23] Log: Found 5 Mod pak files
[2026.02.06-19.42.24] Log: Mounting Paks
[2026.02.06-19.43.04] Log: Mounted pak 
Rooth Path /MGROperator/
Content Path ../../../MGROperator/Content/
Asset Reg ../../../Toaster_reboot/Mods/MGROperator/AssetRegistry.bin
[2026.02.06-19.43.04] Log: Mounted pak 
Rooth Path /MGROperator/
Content Path ../../../pakchunk0-LinuxServer/Content/
Asset Reg ../../../Toaster_reboot/Mods/pakchunk0-LinuxServer/AssetRegistry.bin
[2026.02.06-19.43.04] Log: Mounted pak 
Rooth Path /MGROperator/
Content Path ../../../pakchunk6-LinuxServer/Content/
Asset Reg ../../../Toaster_reboot/Mods/pakchunk6-LinuxServer/AssetRegistry.bin
[2026.02.06-19.43.04] Log: Mounted pak 
Rooth Path /MGROperator/
Content Path ../../../pakchunk0-WindowsServer/Content/
Asset Reg ../../../Toaster_reboot/Mods/pakchunk0-WindowsServer/AssetRegistry.bin
[2026.02.06-19.43.04] Log: Mounted pak 
Rooth Path /MGROperator/
Content Path ../../../pakchunk6-WindowsServer/Content/
Asset Reg ../../../Toaster_reboot/Mods/pakchunk6-WindowsServer/AssetRegistry.bin
[2026.02.06-19.43.04] Log: ===mounted paks===
[2026.02.06-19.43.04] Log: E:/Ue4_projects/Toaster-Arena-Remake/Releases/1.0.0/LinuxServer/pakchunk0-LinuxServer.pak
[2026.02.06-19.43.04] Log: E:/Ue4_projects/Toaster-Arena-Remake/Releases/1.0.0/LinuxServer/pakchunk6-LinuxServer.pak
[2026.02.06-19.43.04] Log: E:/Ue4_projects/Toaster-Arena-Remake/Releases/1.0.0/WindowsServer/pakchunk0-WindowsServer.pak
[2026.02.06-19.43.04] Log: E:/Ue4_projects/Toaster-Arena-Remake/Releases/1.0.0/WindowsServer/pakchunk6-WindowsServer.pak
[2026.02.06-19.43.04] Log: E:/Ue4_projects/Toaster-Arena-Remake/Mods/MGROperatorToaster_reboot-Windows.pak
[2026.02.06-19.43.04] Log: E:/Ue4_projects/Toaster-Arena-Remake/Releases/1.0.0/LinuxServer/pakchunk0-LinuxServer.pak
[2026.02.06-19.43.04] Log: E:/Ue4_projects/Toaster-Arena-Remake/Releases/1.0.0/LinuxServer/pakchunk6-LinuxServer.pak
[2026.02.06-19.43.04] Log: E:/Ue4_projects/Toaster-Arena-Remake/Releases/1.0.0/WindowsServer/pakchunk0-WindowsServer.pak
[2026.02.06-19.43.04] Log: E:/Ue4_projects/Toaster-Arena-Remake/Releases/1.0.0/WindowsServer/pakchunk6-WindowsServer.pak
[2026.02.06-19.43.04] Log: 

[2026.02.06-19.43.23] Log: Checking for mod folder
[2026.02.06-19.43.23] Log: Searching for Mods to mount
[2026.02.06-19.43.23] Log: Found 0 Mod pak files
[2026.02.06-19.43.23] Log: Found 5 Mod pak files
[2026.02.06-19.43.24] Log: Mounting Paks
[2026.02.06-19.43.52] Log: Mounted pak 
Rooth Path /MGROperator/
Content Path ../../../Toaster_reboot/Mods/MGROperator/Content/
Asset Reg ../../../Toaster_reboot/Mods/MGROperator/AssetRegistry.bin
[2026.02.06-19.43.52] Log: Mounted pak 
Rooth Path /MGROperator/
Content Path ../../../Toaster_reboot/Mods/pakchunk0-WindowsServer/Content/
Asset Reg ../../../Toaster_reboot/Mods/pakchunk0-WindowsServer/AssetRegistry.bin
[2026.02.06-19.43.52] Log: Mounted pak 
Rooth Path /MGROperator/
Content Path ../../../Toaster_reboot/Mods/pakchunk0-LinuxServer/Content/
Asset Reg ../../../Toaster_reboot/Mods/pakchunk0-LinuxServer/AssetRegistry.bin
[2026.02.06-19.43.52] Log: Mounted pak 
Rooth Path /MGROperator/
Content Path ../../../Toaster_reboot/Mods/pakchunk6-WindowsServer/Content/
Asset Reg ../../../Toaster_reboot/Mods/pakchunk6-WindowsServer/AssetRegistry.bin
[2026.02.06-19.43.52] Log: Mounted pak 
Rooth Path /MGROperator/
Content Path ../../../Toaster_reboot/Mods/pakchunk6-LinuxServer/Content/
Asset Reg ../../../Toaster_reboot/Mods/pakchunk6-LinuxServer/AssetRegistry.bin
[2026.02.06-19.43.52] Log: ===mounted paks===
[2026.02.06-19.44.12] Log: E:/Ue4_projects/Toaster-Arena-Remake/Releases/1.0.0/LinuxServer/pakchunk0-LinuxServer.pak
[2026.02.06-19.44.12] Log: E:/Ue4_projects/Toaster-Arena-Remake/Releases/1.0.0/LinuxServer/pakchunk6-LinuxServer.pak
[2026.02.06-19.44.12] Log: E:/Ue4_projects/Toaster-Arena-Remake/Releases/1.0.0/WindowsServer/pakchunk0-WindowsServer.pak
[2026.02.06-19.44.12] Log: E:/Ue4_projects/Toaster-Arena-Remake/Releases/1.0.0/WindowsServer/pakchunk6-WindowsServer.pak
[2026.02.06-19.44.12] Log: E:/Ue4_projects/Toaster-Arena-Remake/Mods/MGROperatorToaster_reboot-Windows.pak
[2026.02.06-19.44.12] Log: E:/Ue4_projects/Toaster-Arena-Remake/Releases/1.0.0/LinuxServer/pakchunk0-LinuxServer.pak
[2026.02.06-19.44.12] Log: E:/Ue4_projects/Toaster-Arena-Remake/Releases/1.0.0/LinuxServer/pakchunk6-LinuxServer.pak
[2026.02.06-19.44.12] Log: E:/Ue4_projects/Toaster-Arena-Remake/Releases/1.0.0/WindowsServer/pakchunk0-WindowsServer.pak
[2026.02.06-19.44.12] Log: E:/Ue4_projects/Toaster-Arena-Remake/Releases/1.0.0/WindowsServer/pakchunk6-WindowsServer.pak
[2026.02.06-19.44.12] Log: E:/Ue4_projects/Toaster-Arena-Remake/Mods/MGROperatorToaster_reboot-Windows.pak
[2026.02.06-19.44.12] Log: E:/Ue4_projects/Toaster-Arena-Remake/Releases/1.0.0/WindowsServer/pakchunk0-WindowsServer.pak
[2026.02.06-19.44.12] Log: E:/Ue4_projects/Toaster-Arena-Remake/Releases/1.0.0/LinuxServer/pakchunk0-LinuxServer.pak
[2026.02.06-19.44.12] Log: E:/Ue4_projects/Toaster-Arena-Remake/Releases/1.0.0/WindowsServer/pakchunk6-WindowsServer.pak
[2026.02.06-19.44.12] Log: E:/Ue4_projects/Toaster-Arena-Remake/Releases/1.0.0/LinuxServer/pakchunk6-LinuxServer.pak
[2026.02.06-19.44.12] Log: 

[2026.02.06-23.35.16] Log: Checking for mod folder
[2026.02.06-23.35.16] Log: Mod folder missing attempting to create one
[2026.02.06-23.35.16] Log: Mod folder created
[2026.02.06-23.35.16] Log: Searching for Mods to mount
[2026.02.06-23.35.16] Log: Found 0 Mod pak files
[2026.02.06-23.35.17] Log: Found 4 Mod pak files
[2026.02.06-23.35.18] Log: Mounting Paks
[2026.02.06-23.36.54] Log: Mounted pak 
Rooth Path /
Content Path ../../../Toaster_reboot/Mods/pakchunk0-LinuxServer/Content/
Asset Reg ../../../Toaster_reboot/Mods/pakchunk0-LinuxServer/AssetRegistry.bin
[2026.02.06-23.36.54] Log: Mounted pak 
Rooth Path /
Content Path ../../../Toaster_reboot/Mods/pakchunk6-LinuxServer/Content/
Asset Reg ../../../Toaster_reboot/Mods/pakchunk6-LinuxServer/AssetRegistry.bin
[2026.02.06-23.36.54] Log: Mounted pak 
Rooth Path /
Content Path ../../../Toaster_reboot/Mods/pakchunk0-WindowsServer/Content/
Asset Reg ../../../Toaster_reboot/Mods/pakchunk0-WindowsServer/AssetRegistry.bin
[2026.02.06-23.36.54] Log: Mounted pak 
Rooth Path /
Content Path ../../../Toaster_reboot/Mods/pakchunk6-WindowsServer/Content/
Asset Reg ../../../Toaster_reboot/Mods/pakchunk6-WindowsServer/AssetRegistry.bin
[2026.02.06-23.36.54] Log: ===mounted paks===
[2026.02.06-23.36.54] Log: E:/Ue4_projects/Toaster-Arena-Remake/Releases/1.0.0/LinuxServer/pakchunk0-LinuxServer.pak
[2026.02.06-23.36.54] Log: E:/Ue4_projects/Toaster-Arena-Remake/Releases/1.0.0/LinuxServer/pakchunk6-LinuxServer.pak
[2026.02.06-23.36.54] Log: E:/Ue4_projects/Toaster-Arena-Remake/Releases/1.0.0/WindowsServer/pakchunk0-WindowsServer.pak
[2026.02.06-23.36.54] Log: E:/Ue4_projects/Toaster-Arena-Remake/Releases/1.0.0/WindowsServer/pakchunk6-WindowsServer.pak
[2026.02.06-23.36.54] Log: 

[2026.02.06-23.37.14] Log: Checking for mod folder
[2026.02.06-23.37.14] Log: Searching for Mods to mount
[2026.02.06-23.37.14] Log: Found 0 Mod pak files
[2026.02.06-23.37.14] Log: Found 4 Mod pak files
[2026.02.06-23.37.15] Log: Mounting Paks
[2026.02.06-23.37.28] Log: Mounted pak 
Rooth Path /
Content Path ../../../Toaster_reboot/Mods/pakchunk0-LinuxServer/Content/
Asset Reg ../../../Toaster_reboot/Mods/pakchunk0-LinuxServer/AssetRegistry.bin
[2026.02.06-23.37.28] Log: Mounted pak 
Rooth Path /
Content Path ../../../Toaster_reboot/Mods/pakchunk6-LinuxServer/Content/
Asset Reg ../../../Toaster_reboot/Mods/pakchunk6-LinuxServer/AssetRegistry.bin
[2026.02.06-23.37.28] Log: Mounted pak 
Rooth Path /
Content Path ../../../Toaster_reboot/Mods/pakchunk0-WindowsServer/Content/
Asset Reg ../../../Toaster_reboot/Mods/pakchunk0-WindowsServer/AssetRegistry.bin
[2026.02.06-23.37.28] Log: Mounted pak 
Rooth Path /
Content Path ../../../Toaster_reboot/Mods/pakchunk6-WindowsServer/Content/
Asset Reg ../../../Toaster_reboot/Mods/pakchunk6-WindowsServer/AssetRegistry.bin
[2026.02.06-23.37.28] Log: ===mounted paks===
[2026.02.06-23.37.28] Log: E:/Ue4_projects/Toaster-Arena-Remake/Releases/1.0.0/LinuxServer/pakchunk0-LinuxServer.pak
[2026.02.06-23.37.28] Log: E:/Ue4_projects/Toaster-Arena-Remake/Releases/1.0.0/LinuxServer/pakchunk6-LinuxServer.pak
[2026.02.06-23.37.28] Log: E:/Ue4_projects/Toaster-Arena-Remake/Releases/1.0.0/WindowsServer/pakchunk0-WindowsServer.pak
[2026.02.06-23.37.28] Log: E:/Ue4_projects/Toaster-Arena-Remake/Releases/1.0.0/WindowsServer/pakchunk6-WindowsServer.pak
[2026.02.06-23.37.28] Log: E:/Ue4_projects/Toaster-Arena-Remake/Releases/1.0.0/LinuxServer/pakchunk0-LinuxServer.pak
[2026.02.06-23.37.28] Log: E:/Ue4_projects/Toaster-Arena-Remake/Releases/1.0.0/LinuxServer/pakchunk6-LinuxServer.pak
[2026.02.06-23.37.28] Log: E:/Ue4_projects/Toaster-Arena-Remake/Releases/1.0.0/WindowsServer/pakchunk0-WindowsServer.pak
[2026.02.06-23.37.28] Log: E:/Ue4_projects/Toaster-Arena-Remake/Releases/1.0.0/WindowsServer/pakchunk6-WindowsServer.pak
[2026.02.06-23.37.28] Log: 

[2026.02.06-23.38.07] Log: Checking for mod folder
[2026.02.06-23.38.07] Log: Searching for Mods to mount
[2026.02.06-23.38.07] Log: Found 0 Mod pak files
[2026.02.06-23.38.07] Log: Found 4 Mod pak files
[2026.02.06-23.38.08] Log: Mounting Paks
[2026.02.06-23.38.28] Log: Mounted pak 
Rooth Path /
Content Path ../../../Toaster_reboot/Mods/pakchunk0-LinuxServer/Content/
Asset Reg ../../../Toaster_reboot/Mods/pakchunk0-LinuxServer/AssetRegistry.bin
[2026.02.06-23.38.28] Log: Mounted pak 
Rooth Path /
Content Path ../../../Toaster_reboot/Mods/pakchunk6-LinuxServer/Content/
Asset Reg ../../../Toaster_reboot/Mods/pakchunk6-LinuxServer/AssetRegistry.bin
[2026.02.06-23.38.28] Log: Mounted pak 
Rooth Path /
Content Path ../../../Toaster_reboot/Mods/pakchunk0-WindowsServer/Content/
Asset Reg ../../../Toaster_reboot/Mods/pakchunk0-WindowsServer/AssetRegistry.bin
[2026.02.06-23.38.28] Log: Mounted pak 
Rooth Path /
Content Path ../../../Toaster_reboot/Mods/pakchunk6-WindowsServer/Content/
Asset Reg ../../../Toaster_reboot/Mods/pakchunk6-WindowsServer/AssetRegistry.bin
[2026.02.06-23.38.28] Log: ===mounted paks===
[2026.02.06-23.38.28] Log: E:/Ue4_projects/Toaster-Arena-Remake/Releases/1.0.0/LinuxServer/pakchunk0-LinuxServer.pak
[2026.02.06-23.38.28] Log: E:/Ue4_projects/Toaster-Arena-Remake/Releases/1.0.0/LinuxServer/pakchunk6-LinuxServer.pak
[2026.02.06-23.38.28] Log: E:/Ue4_projects/Toaster-Arena-Remake/Releases/1.0.0/WindowsServer/pakchunk0-WindowsServer.pak
[2026.02.06-23.38.28] Log: E:/Ue4_projects/Toaster-Arena-Remake/Releases/1.0.0/WindowsServer/pakchunk6-WindowsServer.pak
[2026.02.06-23.38.28] Log: E:/Ue4_projects/Toaster-Arena-Remake/Releases/1.0.0/LinuxServer/pakchunk0-LinuxServer.pak
[2026.02.06-23.38.28] Log: E:/Ue4_projects/Toaster-Arena-Remake/Releases/1.0.0/LinuxServer/pakchunk6-LinuxServer.pak
[2026.02.06-23.38.28] Log: E:/Ue4_projects/Toaster-Arena-Remake/Releases/1.0.0/WindowsServer/pakchunk0-WindowsServer.pak
[2026.02.06-23.38.28] Log: E:/Ue4_projects/Toaster-Arena-Remake/Releases/1.0.0/WindowsServer/pakchunk6-WindowsServer.pak
[2026.02.06-23.38.28] Log: E:/Ue4_projects/Toaster-Arena-Remake/Releases/1.0.0/LinuxServer/pakchunk0-LinuxServer.pak
[2026.02.06-23.38.28] Log: E:/Ue4_projects/Toaster-Arena-Remake/Releases/1.0.0/LinuxServer/pakchunk6-LinuxServer.pak
[2026.02.06-23.38.28] Log: E:/Ue4_projects/Toaster-Arena-Remake/Releases/1.0.0/WindowsServer/pakchunk0-WindowsServer.pak
[2026.02.06-23.38.28] Log: E:/Ue4_projects/Toaster-Arena-Remake/Releases/1.0.0/WindowsServer/pakchunk6-WindowsServer.pak
[2026.02.06-23.38.28] Log: 

